// Jest Snapshot v1, https://goo.gl/fbAQLP

exports[`Media Separator createMediaCollection() should separate files to collections 1`] = `
Object {
  "albumsCol": Object {
    "YXJ0aXN0L2FsYnVt": Object {
      "artistName": "artist",
      "artistUrl": "baseurl/artist/YXJ0aXN0",
      "files": Array [
        Object {
          "fileUrl": "baseurl/file/YXJ0aXN0L2FsYnVtL3NvbmcubXAz",
          "id": "YXJ0aXN0L2FsYnVtL3NvbmcubXAz",
          "name": "song.mp3",
          "url": "baseurl/audio/YXJ0aXN0L2FsYnVtL3NvbmcubXAz",
        },
      ],
      "images": Array [
        Object {
          "fileUrl": "baseurl/file/YXJ0aXN0L2FsYnVtL2NvdmVyLkpQRw",
          "id": "YXJ0aXN0L2FsYnVtL2NvdmVyLkpQRw",
          "name": "cover.JPG",
          "url": "baseurl/image/YXJ0aXN0L2FsYnVtL2NvdmVyLkpQRw",
        },
      ],
      "name": "album",
    },
  },
  "artistsCol": Object {
    "YXJ0aXN0": Object {
      "albums": Array [
        Object {
          "coverUrl": "baseurl/file/YXJ0aXN0L2FsYnVtL2NvdmVyLkpQRw",
          "name": "album",
          "url": "baseurl/album/YXJ0aXN0L2FsYnVt",
        },
      ],
      "files": Array [
        Object {
          "fileUrl": "baseurl/file/YXJ0aXN0L3NvbmcubXAz",
          "id": "YXJ0aXN0L3NvbmcubXAz",
          "name": "song.mp3",
          "url": "baseurl/audio/YXJ0aXN0L3NvbmcubXAz",
        },
      ],
      "images": Array [
        Object {
          "fileUrl": "baseurl/file/YXJ0aXN0L2ltYWdlLlBORw",
          "id": "YXJ0aXN0L2ltYWdlLlBORw",
          "name": "image.PNG",
          "url": "baseurl/image/YXJ0aXN0L2ltYWdlLlBORw",
        },
      ],
      "name": "artist",
      "url": "baseurl/artist/YXJ0aXN0",
    },
  },
  "audioCol": Object {
    "YXJ0aXN0L2FsYnVtL3NvbmcubXAz": Object {
      "albumId": "YXJ0aXN0L2FsYnVt",
      "albumName": "album",
      "albumUrl": "baseurl/album/YXJ0aXN0L2FsYnVt",
      "artistName": "artist",
      "artistUrl": "baseurl/artist/YXJ0aXN0",
      "fileUrl": "baseurl/file/YXJ0aXN0L2FsYnVtL3NvbmcubXAz",
      "id": "YXJ0aXN0L2FsYnVtL3NvbmcubXAz",
      "name": "song.mp3",
      "url": "baseurl/file/YXJ0aXN0L2FsYnVtL3NvbmcubXAz",
    },
    "YXJ0aXN0L3NvbmcubXAz": Object {
      "artistName": "artist",
      "artistUrl": "baseurl/artist/YXJ0aXN0",
      "fileUrl": "baseurl/file/YXJ0aXN0L3NvbmcubXAz",
      "id": "YXJ0aXN0L3NvbmcubXAz",
      "name": "song.mp3",
      "url": "baseurl/file/YXJ0aXN0L3NvbmcubXAz",
    },
  },
  "imagesCol": Object {
    "YXJ0aXN0L2FsYnVtL2NvdmVyLkpQRw": Object {
      "albumId": "YXJ0aXN0L2FsYnVt",
      "albumName": "album",
      "albumUrl": "baseurl/album/YXJ0aXN0L2FsYnVt",
      "artistName": "artist",
      "artistUrl": "baseurl/artist/YXJ0aXN0",
      "fileUrl": "baseurl/file/YXJ0aXN0L2FsYnVtL2NvdmVyLkpQRw",
      "id": "YXJ0aXN0L2FsYnVtL2NvdmVyLkpQRw",
      "name": "cover.JPG",
      "url": "baseurl/file/YXJ0aXN0L2FsYnVtL2NvdmVyLkpQRw",
    },
    "YXJ0aXN0L2ltYWdlLlBORw": Object {
      "artistName": "artist",
      "artistUrl": "baseurl/artist/YXJ0aXN0",
      "fileUrl": "baseurl/file/YXJ0aXN0L2ltYWdlLlBORw",
      "id": "YXJ0aXN0L2ltYWdlLlBORw",
      "name": "image.PNG",
      "url": "baseurl/file/YXJ0aXN0L2ltYWdlLlBORw",
    },
  },
}
`;
